[    0.000000] Linux version 5.17.0-master-13410-g74164d284b29 (sbcd90@sbcd90) (gcc (GCC) 11.2.0, GNU ld (GNU Binutils) 2.38) #1 SMP PREEMPT_DYNAMIC Wed Mar 30 11:48:37 PDT 2022
[    0.000000] Command line: BOOT_IMAGE=/vmlinuz-5.17.0-master-13410-g74164d284b29 root=UUID=0fcbf660-fe49-45f2-b9b2-844ee0cbddd7 rw rootfstype=ext4 loglevel=3 quiet
[    0.000000] x86/fpu: Supporting XSAVE feature 0x001: 'x87 floating point registers'
[    0.000000] x86/fpu: Supporting XSAVE feature 0x002: 'SSE registers'
[    0.000000] x86/fpu: Supporting XSAVE feature 0x004: 'AVX registers'
[    0.000000] x86/fpu: xstate_offset[2]:  576, xstate_sizes[2]:  256
[    0.000000] x86/fpu: Enabled xstate features 0x7, context size is 832 bytes, using 'standard' format.
[    0.000000] signal: max sigframe size: 1776
[    0.000000] BIOS-provided physical RAM map:
[    0.000000] BIOS-e820: [mem 0x0000000000000000-0x000000000009fbff] usable
[    0.000000] BIOS-e820: [mem 0x000000000009fc00-0x000000000009ffff] reserved
[    0.000000] BIOS-e820: [mem 0x00000000000f0000-0x00000000000fffff] reserved
[    0.000000] BIOS-e820: [mem 0x0000000000100000-0x00000000dffeffff] usable
[    0.000000] BIOS-e820: [mem 0x00000000dfff0000-0x00000000dfffffff] ACPI data
[    0.000000] BIOS-e820: [mem 0x00000000fec00000-0x00000000fec00fff] reserved
[    0.000000] BIOS-e820: [mem 0x00000000fee00000-0x00000000fee00fff] reserved
[    0.000000] BIOS-e820: [mem 0x00000000fffc0000-0x00000000ffffffff] reserved
[    0.000000] BIOS-e820: [mem 0x0000000100000000-0x000000021fffffff] usable
[    0.000000] NX (Execute Disable) protection: active
[    0.000000] SMBIOS 2.5 present.
[    0.000000] DMI: innotek GmbH VirtualBox/VirtualBox, BIOS VirtualBox 12/01/2006
[    0.000000] Hypervisor detected: KVM
[    0.000000] kvm-clock: Using msrs 4b564d01 and 4b564d00
[    0.000002] kvm-clock: using sched offset of 11482754946 cycles
[    0.000004] clocksource: kvm-clock: mask: 0xffffffffffffffff max_cycles: 0x1cd42e4dffb, max_idle_ns: 881590591483 ns
[    0.000007] tsc: Detected 2591.998 MHz processor
[    0.000939] e820: update [mem 0x00000000-0x00000fff] usable ==> reserved
[    0.000942] e820: remove [mem 0x000a0000-0x000fffff] usable
[    0.000945] last_pfn = 0x220000 max_arch_pfn = 0x400000000
[    0.000955] Disabled
[    0.000955] x86/PAT: MTRRs disabled, skipping PAT initialization too.
[    0.000957] CPU MTRRs all blank - virtualized system.
[    0.000959] x86/PAT: Configuration [0-7]: WB  WT  UC- UC  WB  WT  UC- UC  
[    0.000963] last_pfn = 0xdfff0 max_arch_pfn = 0x400000000
[    0.001014] found SMP MP-table at [mem 0x0009fff0-0x0009ffff]
[    0.001465] RAMDISK: [mem 0x35da1000-0x36ec7fff]
[    0.001468] ACPI: Early table checksum verification disabled
[    0.001471] ACPI: RSDP 0x00000000000E0000 000024 (v02 VBOX  )
[    0.001475] ACPI: XSDT 0x00000000DFFF0030 00003C (v01 VBOX   VBOXXSDT 00000001 ASL  00000061)
[    0.001479] ACPI: FACP 0x00000000DFFF00F0 0000F4 (v04 VBOX   VBOXFACP 00000001 ASL  00000061)
[    0.001484] ACPI: DSDT 0x00000000DFFF0480 002325 (v02 VBOX   VBOXBIOS 00000002 INTL 20120111)
[    0.001487] ACPI: FACS 0x00000000DFFF0200 000040
[    0.001490] ACPI: FACS 0x00000000DFFF0200 000040
[    0.001492] ACPI: APIC 0x00000000DFFF0240 00006C (v02 VBOX   VBOXAPIC 00000001 ASL  00000061)
[    0.001495] ACPI: SSDT 0x00000000DFFF02B0 0001CC (v01 VBOX   VBOXCPUT 00000002 INTL 20120111)
[    0.001497] ACPI: Reserving FACP table memory at [mem 0xdfff00f0-0xdfff01e3]
[    0.001498] ACPI: Reserving DSDT table memory at [mem 0xdfff0480-0xdfff27a4]
[    0.001499] ACPI: Reserving FACS table memory at [mem 0xdfff0200-0xdfff023f]
[    0.001499] ACPI: Reserving FACS table memory at [mem 0xdfff0200-0xdfff023f]
[    0.001500] ACPI: Reserving APIC table memory at [mem 0xdfff0240-0xdfff02ab]
[    0.001501] ACPI: Reserving SSDT table memory at [mem 0xdfff02b0-0xdfff047b]
[    0.001676] No NUMA configuration found
[    0.001677] Faking a node at [mem 0x0000000000000000-0x000000021fffffff]
[    0.001679] NODE_DATA(0) allocated [mem 0x21fff8000-0x21fffbfff]
[    0.001694] Zone ranges:
[    0.001694]   DMA      [mem 0x0000000000001000-0x0000000000ffffff]
[    0.001696]   DMA32    [mem 0x0000000001000000-0x00000000ffffffff]
[    0.001697]   Normal   [mem 0x0000000100000000-0x000000021fffffff]
[    0.001698]   Device   empty
[    0.001699] Movable zone start for each node
[    0.001700] Early memory node ranges
[    0.001700]   node   0: [mem 0x0000000000001000-0x000000000009efff]
[    0.001701]   node   0: [mem 0x0000000000100000-0x00000000dffeffff]
[    0.001702]   node   0: [mem 0x0000000100000000-0x000000021fffffff]
[    0.001703] Initmem setup node 0 [mem 0x0000000000001000-0x000000021fffffff]
[    0.001919] On node 0, zone DMA: 1 pages in unavailable ranges
[    0.001932] On node 0, zone DMA: 97 pages in unavailable ranges
[    0.022225] On node 0, zone Normal: 16 pages in unavailable ranges
[    0.022684] ACPI: PM-Timer IO Port: 0x4008
[    0.022731] IOAPIC[0]: apic_id 4, version 32, address 0xfec00000, GSI 0-23
[    0.022734] ACPI: INT_SRC_OVR (bus 0 bus_irq 0 global_irq 2 dfl dfl)
[    0.022736] ACPI: INT_SRC_OVR (bus 0 bus_irq 9 global_irq 9 low level)
[    0.022739] ACPI: Using ACPI (MADT) for SMP configuration information
[    0.022744] smpboot: Allowing 4 CPUs, 0 hotplug CPUs
[    0.022761] PM: hibernation: Registered nosave memory: [mem 0x00000000-0x00000fff]
[    0.022762] PM: hibernation: Registered nosave memory: [mem 0x0009f000-0x0009ffff]
[    0.022763] PM: hibernation: Registered nosave memory: [mem 0x000a0000-0x000effff]
[    0.022764] PM: hibernation: Registered nosave memory: [mem 0x000f0000-0x000fffff]
[    0.022764] PM: hibernation: Registered nosave memory: [mem 0xdfff0000-0xdfffffff]
[    0.022765] PM: hibernation: Registered nosave memory: [mem 0xe0000000-0xfebfffff]
[    0.022766] PM: hibernation: Registered nosave memory: [mem 0xfec00000-0xfec00fff]
[    0.022766] PM: hibernation: Registered nosave memory: [mem 0xfec01000-0xfedfffff]
[    0.022767] PM: hibernation: Registered nosave memory: [mem 0xfee00000-0xfee00fff]
[    0.022767] PM: hibernation: Registered nosave memory: [mem 0xfee01000-0xfffbffff]
[    0.022768] PM: hibernation: Registered nosave memory: [mem 0xfffc0000-0xffffffff]
[    0.022769] [mem 0xe0000000-0xfebfffff] available for PCI devices
[    0.022770] Booting paravirtualized kernel on KVM
[    0.022772] clocksource: refined-jiffies: mask: 0xffffffff max_cycles: 0xffffffff, max_idle_ns: 6370452778343963 ns
[    0.026242] setup_percpu: NR_CPUS:320 nr_cpumask_bits:320 nr_cpu_ids:4 nr_node_ids:1
[    0.026535] percpu: Embedded 63 pages/cpu s221184 r8192 d28672 u524288
[    0.026539] pcpu-alloc: s221184 r8192 d28672 u524288 alloc=1*2097152
[    0.026541] pcpu-alloc: [0] 0 1 2 3 
[    0.026556] kvm-guest: PV spinlocks enabled
[    0.026557] PV qspinlock hash table entries: 256 (order: 0, 4096 bytes, linear)
[    0.026564] Fallback order for Node 0: 0 
[    0.026566] Built 1 zonelists, mobility grouping on.  Total pages: 2064112
[    0.026567] Policy zone: Normal
[    0.026568] Kernel command line: BOOT_IMAGE=/vmlinuz-5.17.0-master-13410-g74164d284b29 root=UUID=0fcbf660-fe49-45f2-b9b2-844ee0cbddd7 rw rootfstype=ext4 loglevel=3 quiet
[    0.026609] Unknown kernel command line parameters "BOOT_IMAGE=/vmlinuz-5.17.0-master-13410-g74164d284b29", will be passed to user space.
[    0.027672] Dentry cache hash table entries: 1048576 (order: 11, 8388608 bytes, linear)
[    0.028234] Inode-cache hash table entries: 524288 (order: 10, 4194304 bytes, linear)
[    0.028565] mem auto-init: stack:byref_all(zero), heap alloc:on, heap free:off
[    0.051686] Memory: 8115860K/8388152K available (14343K kernel code, 2107K rwdata, 11072K rodata, 1796K init, 3812K bss, 272032K reserved, 0K cma-reserved)
[    0.051693] random: get_random_u64 called from __kmem_cache_create+0x2a/0x510 with crng_init=0
[    0.051769] SLUB: HWalign=64, Order=0-3, MinObjects=0, CPUs=4, Nodes=1
[    0.051778] Kernel/User page tables isolation: enabled
[    0.051788] ftrace: allocating 45090 entries in 177 pages
[    0.057071] ftrace: allocated 177 pages with 4 groups
[    0.057114] Dynamic Preempt: full
[    0.057383] rcu: Preemptible hierarchical RCU implementation.
[    0.057383] rcu: 	RCU restricting CPUs from NR_CPUS=320 to nr_cpu_ids=4.
[    0.057384] rcu: 	RCU priority boosting: priority 1 delay 500 ms.
[    0.057385] 	Trampoline variant of Tasks RCU enabled.
[    0.057385] 	Rude variant of Tasks RCU enabled.
[    0.057386] 	Tracing variant of Tasks RCU enabled.
[    0.057386] rcu: RCU calculated value of scheduler-enlistment delay is 30 jiffies.
[    0.057387] rcu: Adjusting geometry for rcu_fanout_leaf=16, nr_cpu_ids=4
[    0.059919] NR_IRQS: 20736, nr_irqs: 456, preallocated irqs: 16
[    0.060325] kfence: initialized - using 2097152 bytes for 255 objects at 0x(____ptrval____)-0x(____ptrval____)
[    0.060365] Console: colour dummy device 80x25
[    0.060372] printk: console [tty0] enabled
[    0.060385] ACPI: Core revision 20211217
[    0.060482] APIC: Switch to symmetric I/O mode setup
[    0.060663] x2apic enabled
[    0.060832] Switched APIC routing to physical x2apic.
[    0.061685] ..TIMER: vector=0x30 apic1=0 pin1=2 apic2=-1 pin2=-1
[    0.061704] clocksource: tsc-early: mask: 0xffffffffffffffff max_cycles: 0x255cb518234, max_idle_ns: 440795279333 ns
[    0.061708] Calibrating delay loop (skipped) preset value.. 5186.99 BogoMIPS (lpj=8639993)
[    0.061710] pid_max: default: 32768 minimum: 301
[    0.061725] LSM: Security Framework initializing
[    0.061729] landlock: Up and running.
[    0.061730] Yama: becoming mindful.
[    0.061734] LSM support for eBPF active
[    0.061987] Mount-cache hash table entries: 16384 (order: 5, 131072 bytes, linear)
[    0.061995] Mountpoint-cache hash table entries: 16384 (order: 5, 131072 bytes, linear)
[    0.062243] Last level iTLB entries: 4KB 64, 2MB 8, 4MB 8
[    0.062244] Last level dTLB entries: 4KB 64, 2MB 0, 4MB 0, 1GB 4
[    0.062247] Spectre V1 : Mitigation: usercopy/swapgs barriers and __user pointer sanitization
[    0.062248] Spectre V2 : Mitigation: Retpolines
[    0.062249] Spectre V2 : Spectre v2 / SpectreRSB mitigation: Filling RSB on context switch
[    0.062249] Speculative Store Bypass: Vulnerable
[    0.062252] SRBDS: Unknown: Dependent on hypervisor status
[    0.062253] MDS: Mitigation: Clear CPU buffers
[    0.065160] Freeing SMP alternatives memory: 36K
[    0.171761] smpboot: CPU0: Intel(R) Core(TM) i7-9750H CPU @ 2.60GHz (family: 0x6, model: 0x9e, stepping: 0xa)
[    0.171849] cblist_init_generic: Setting adjustable number of callback queues.
[    0.171851] cblist_init_generic: Setting shift to 2 and lim to 1.
[    0.171861] cblist_init_generic: Setting shift to 2 and lim to 1.
[    0.171869] cblist_init_generic: Setting shift to 2 and lim to 1.
[    0.171878] Performance Events: unsupported p6 CPU model 158 no PMU driver, software events only.
[    0.171900] rcu: Hierarchical SRCU implementation.
[    0.172167] NMI watchdog: Perf NMI watchdog permanently disabled
[    0.172206] smp: Bringing up secondary CPUs ...
[    0.172265] x86: Booting SMP configuration:
[    0.172265] .... node  #0, CPUs:      #1 #2 #3
[    0.178558] smp: Brought up 1 node, 4 CPUs
[    0.178560] smpboot: Max logical packages: 1
[    0.178561] smpboot: Total of 4 processors activated (20744.98 BogoMIPS)
[    0.178853] devtmpfs: initialized
[    0.178853] x86/mm: Memory block size: 128MB
[    0.178892] clocksource: jiffies: mask: 0xffffffff max_cycles: 0xffffffff, max_idle_ns: 6370867519511994 ns
[    0.178892] futex hash table entries: 1024 (order: 4, 65536 bytes, linear)
[    0.178892] pinctrl core: initialized pinctrl subsystem
[    0.178892] PM: RTC time: 23:22:01, date: 2022-04-03
[    0.182138] NET: Registered PF_NETLINK/PF_ROUTE protocol family
[    0.182485] DMA: preallocated 1024 KiB GFP_KERNEL pool for atomic allocations
[    0.182532] DMA: preallocated 1024 KiB GFP_KERNEL|GFP_DMA pool for atomic allocations
[    0.182597] DMA: preallocated 1024 KiB GFP_KERNEL|GFP_DMA32 pool for atomic allocations
[    0.182610] audit: initializing netlink subsys (disabled)
[    0.182635] audit: type=2000 audit(1649028133.091:1): state=initialized audit_enabled=0 res=1
[    0.182635] thermal_sys: Registered thermal governor 'fair_share'
[    0.182635] thermal_sys: Registered thermal governor 'bang_bang'
[    0.182635] thermal_sys: Registered thermal governor 'step_wise'
[    0.182635] thermal_sys: Registered thermal governor 'user_space'
[    0.182635] thermal_sys: Registered thermal governor 'power_allocator'
[    0.182635] cpuidle: using governor ladder
[    0.182635] cpuidle: using governor menu
[    0.182635] acpiphp: ACPI Hot Plug PCI Controller Driver version: 0.5
[    0.182635] PCI: Using configuration type 1 for base access
[    0.182895] kprobes: kprobe jump-optimization is enabled. All kprobes are optimized if possible.
[    0.182914] HugeTLB: can free 7 vmemmap pages for hugepages-2048kB
[    0.182914] HugeTLB registered 2.00 MiB page size, pre-allocated 0 pages
[    0.182914] ACPI: Added _OSI(Module Device)
[    0.182914] ACPI: Added _OSI(Processor Device)
[    0.182914] ACPI: Added _OSI(3.0 _SCP Extensions)
[    0.182914] ACPI: Added _OSI(Processor Aggregator Device)
[    0.182914] ACPI: Added _OSI(Linux-Dell-Video)
[    0.182914] ACPI: Added _OSI(Linux-Lenovo-NV-HDMI-Audio)
[    0.182914] ACPI: Added _OSI(Linux-HPI-Hybrid-Graphics)
[    0.186235] ACPI: 2 ACPI AML tables successfully acquired and loaded
[    0.187425] ACPI: Interpreter enabled
[    0.187433] ACPI: PM: (supports S0 S5)
[    0.187433] ACPI: Using IOAPIC for interrupt routing
[    0.187568] PCI: Using host bridge windows from ACPI; if necessary, use "pci=nocrs" and report a bug
[    0.187662] ACPI: Enabled 2 GPEs in block 00 to 07
[    0.191651] ACPI: PCI Root Bridge [PCI0] (domain 0000 [bus 00-ff])
[    0.191656] acpi PNP0A03:00: _OSC: OS supports [ASPM ClockPM Segments MSI EDR HPX-Type3]
[    0.191657] acpi PNP0A03:00: _OSC: not requesting OS control; OS requires [ExtendedConfig ASPM ClockPM MSI]
[    0.191826] acpi PNP0A03:00: fail to add MMCONFIG information, can't access extended PCI configuration space under this bridge.
[    0.192201] PCI host bridge to bus 0000:00
[    0.192202] pci_bus 0000:00: root bus resource [io  0x0000-0x0cf7 window]
[    0.192204] pci_bus 0000:00: root bus resource [io  0x0d00-0xffff window]
[    0.192205] pci_bus 0000:00: root bus resource [mem 0x000a0000-0x000bffff window]
[    0.192206] pci_bus 0000:00: root bus resource [mem 0xe0000000-0xfdffffff window]
[    0.192208] pci_bus 0000:00: root bus resource [bus 00-ff]
[    0.192424] pci 0000:00:00.0: [8086:1237] type 00 class 0x060000
[    0.193151] pci 0000:00:01.0: [8086:7000] type 00 class 0x060100
[    0.193860] pci 0000:00:01.1: [8086:7111] type 00 class 0x01018a
[    0.194247] pci 0000:00:01.1: reg 0x20: [io  0xd000-0xd00f]
[    0.194410] pci 0000:00:01.1: legacy IDE quirk: reg 0x10: [io  0x01f0-0x01f7]
[    0.194412] pci 0000:00:01.1: legacy IDE quirk: reg 0x14: [io  0x03f6]
[    0.194412] pci 0000:00:01.1: legacy IDE quirk: reg 0x18: [io  0x0170-0x0177]
[    0.194413] pci 0000:00:01.1: legacy IDE quirk: reg 0x1c: [io  0x0376]
[    0.194777] pci 0000:00:02.0: [15ad:0405] type 00 class 0x030000
[    0.195511] pci 0000:00:02.0: reg 0x10: [io  0xd010-0xd01f]
[    0.198888] pci 0000:00:02.0: reg 0x14: [mem 0xe0000000-0xe0ffffff pref]
[    0.201931] pci 0000:00:02.0: reg 0x18: [mem 0xf0000000-0xf01fffff]
[    0.215073] pci 0000:00:02.0: Video device with shadowed ROM at [mem 0x000c0000-0x000dffff]
[    0.215576] pci 0000:00:03.0: [8086:100e] type 00 class 0x020000
[    0.218210] pci 0000:00:03.0: reg 0x10: [mem 0xf0200000-0xf021ffff]
[    0.221814] pci 0000:00:03.0: reg 0x18: [io  0xd020-0xd027]
[    0.235632] pci 0000:00:04.0: [80ee:cafe] type 00 class 0x088000
[    0.238155] pci 0000:00:04.0: reg 0x10: [io  0xd040-0xd05f]
[    0.238485] pci 0000:00:04.0: reg 0x14: [mem 0xf0400000-0xf07fffff]
[    0.241753] pci 0000:00:04.0: reg 0x18: [mem 0xf0800000-0xf0803fff pref]
[    0.252220] pci 0000:00:05.0: [8086:2415] type 00 class 0x040100
[    0.252354] pci 0000:00:05.0: reg 0x10: [io  0xd100-0xd1ff]
[    0.252425] pci 0000:00:05.0: reg 0x14: [io  0xd200-0xd23f]
[    0.253173] pci 0000:00:06.0: [106b:003f] type 00 class 0x0c0310
[    0.255149] pci 0000:00:06.0: reg 0x10: [mem 0xf0804000-0xf0804fff]
[    0.272159] pci 0000:00:07.0: [8086:7113] type 00 class 0x068000
[    0.272588] pci 0000:00:07.0: quirk: [io  0x4000-0x403f] claimed by PIIX4 ACPI
[    0.272600] pci 0000:00:07.0: quirk: [io  0x4100-0x410f] claimed by PIIX4 SMB
[    0.274142] pci 0000:00:0d.0: [8086:2829] type 00 class 0x010601
[    0.275183] pci 0000:00:0d.0: reg 0x10: [io  0xd240-0xd247]
[    0.277612] pci 0000:00:0d.0: reg 0x14: [io  0xd248-0xd24b]
[    0.278520] pci 0000:00:0d.0: reg 0x18: [io  0xd250-0xd257]
[    0.281816] pci 0000:00:0d.0: reg 0x1c: [io  0xd258-0xd25b]
[    0.285063] pci 0000:00:0d.0: reg 0x20: [io  0xd260-0xd26f]
[    0.287348] pci 0000:00:0d.0: reg 0x24: [mem 0xf0806000-0xf0807fff]
[    0.297929] ACPI: PCI: Interrupt link LNKA configured for IRQ 11
[    0.298194] ACPI: PCI: Interrupt link LNKB configured for IRQ 10
[    0.298294] ACPI: PCI: Interrupt link LNKC configured for IRQ 9
[    0.298373] ACPI: PCI: Interrupt link LNKD configured for IRQ 11
[    0.298373] iommu: Default domain type: Translated 
[    0.298373] iommu: DMA domain TLB invalidation policy: lazy mode 
[    0.298500] SCSI subsystem initialized
[    0.298550] libata version 3.00 loaded.
[    0.298550] ACPI: bus type USB registered
[    0.298550] usbcore: registered new interface driver usbfs
[    0.298550] usbcore: registered new interface driver hub
[    0.298550] usbcore: registered new device driver usb
[    0.298550] pps_core: LinuxPPS API ver. 1 registered
[    0.298550] pps_core: Software ver. 5.3.6 - Copyright 2005-2007 Rodolfo Giometti <giometti@linux.it>
[    0.298550] PTP clock support registered
[    0.298550] EDAC MC: Ver: 3.0.0
[    0.298700] NetLabel: Initializing
[    0.298700] NetLabel:  domain hash size = 128
[    0.298700] NetLabel:  protocols = UNLABELED CIPSOv4 CALIPSO
[    0.298700] NetLabel:  unlabeled traffic allowed by default
[    0.298700] mctp: management component transport protocol core
[    0.298700] NET: Registered PF_MCTP protocol family
[    0.298700] PCI: Using ACPI for IRQ routing
[    0.298700] PCI: pci_cache_line_size set to 64 bytes
[    0.298784] e820: reserve RAM buffer [mem 0x0009fc00-0x0009ffff]
[    0.298788] e820: reserve RAM buffer [mem 0xdfff0000-0xdfffffff]
[    0.298800] pci 0000:00:02.0: vgaarb: setting as boot VGA device
[    0.298800] pci 0000:00:02.0: vgaarb: bridge control possible
[    0.298800] pci 0000:00:02.0: vgaarb: VGA device added: decodes=io+mem,owns=io+mem,locks=none
[    0.298800] vgaarb: loaded
[    0.298800] clocksource: Switched to clocksource kvm-clock
[    0.308560] VFS: Disk quotas dquot_6.6.0
[    0.308570] VFS: Dquot-cache hash table entries: 512 (order 0, 4096 bytes)
[    0.308610] pnp: PnP ACPI init
[    0.309682] pnp: PnP ACPI: found 2 devices
[    0.317836] clocksource: acpi_pm: mask: 0xffffff max_cycles: 0xffffff, max_idle_ns: 2085701024 ns
[    0.317878] NET: Registered PF_INET protocol family
[    0.318149] IP idents hash table entries: 131072 (order: 8, 1048576 bytes, linear)
[    0.318835] tcp_listen_portaddr_hash hash table entries: 4096 (order: 4, 65536 bytes, linear)
[    0.318855] TCP established hash table entries: 65536 (order: 7, 524288 bytes, linear)
[    0.319174] TCP bind hash table entries: 65536 (order: 8, 1048576 bytes, linear)
[    0.319262] TCP: Hash tables configured (established 65536 bind 65536)
[    0.319324] MPTCP token hash table entries: 8192 (order: 5, 196608 bytes, linear)
[    0.319344] UDP hash table entries: 4096 (order: 5, 131072 bytes, linear)
[    0.319356] UDP-Lite hash table entries: 4096 (order: 5, 131072 bytes, linear)
[    0.319385] NET: Registered PF_UNIX/PF_LOCAL protocol family
[    0.319389] NET: Registered PF_XDP protocol family
[    0.319398] pci_bus 0000:00: resource 4 [io  0x0000-0x0cf7 window]
[    0.319400] pci_bus 0000:00: resource 5 [io  0x0d00-0xffff window]
[    0.319402] pci_bus 0000:00: resource 6 [mem 0x000a0000-0x000bffff window]
[    0.319403] pci_bus 0000:00: resource 7 [mem 0xe0000000-0xfdffffff window]
[    0.319437] pci 0000:00:00.0: Limiting direct PCI/PCI transfers
[    0.319450] pci 0000:00:01.0: Activating ISA DMA hang workarounds
[    0.320468] PCI: CLS 0 bytes, default 64
[    0.320501] Trying to unpack rootfs image as initramfs...
[    0.331774] PCI-DMA: Using software bounce buffering for IO (SWIOTLB)
[    0.331776] software IO TLB: mapped [mem 0x00000000dbff0000-0x00000000dfff0000] (64MB)
[    0.331807] clocksource: tsc: mask: 0xffffffffffffffff max_cycles: 0x255cb518234, max_idle_ns: 440795279333 ns
[    0.331916] clocksource: Switched to clocksource tsc
[    0.332221] platform rtc_cmos: registered platform RTC device (no PNP device found)
[    0.333873] Initialise system trusted keyrings
[    0.333880] Key type blacklist registered
[    0.334228] workingset: timestamp_bits=41 max_order=21 bucket_order=0
[    0.335025] zbud: loaded
[    0.340679] Key type asymmetric registered
[    0.340681] Asymmetric key parser 'x509' registered
[    0.415966] Freeing initrd memory: 17564K
[    0.418236] alg: self-tests for CTR-KDF (hmac(sha256)) passed
[    0.418255] Block layer SCSI generic (bsg) driver version 0.4 loaded (major 242)
[    0.418330] io scheduler mq-deadline registered
[    0.418332] io scheduler kyber registered
[    0.418353] io scheduler bfq registered
[    0.419232] shpchp: Standard Hot Plug PCI Controller Driver version: 0.4
[    0.419576] ACPI: AC: AC Adapter [AC] (on-line)
[    0.419615] input: Power Button as /devices/LNXSYSTM:00/LNXPWRBN:00/input/input0
[    0.419639] ACPI: button: Power Button [PWRF]
[    0.419706] input: Sleep Button as /devices/LNXSYSTM:00/LNXSLPBN:00/input/input1
[    0.419716] ACPI: button: Sleep Button [SLPF]
[    0.420105] Serial: 8250/16550 driver, 32 ports, IRQ sharing enabled
[    0.420979] ACPI: battery: Slot [BAT0] (battery present)
[    0.421834] Non-volatile memory driver v1.3
[    0.421835] Linux agpgart interface v0.103
[    0.421836] AMD-Vi: AMD IOMMUv2 functionality not available on this system - This is not a bug.
[    0.421844] ACPI: bus type drm_connector registered
[    0.422333] ahci 0000:00:0d.0: version 3.0
[    0.422821] ahci 0000:00:0d.0: SSS flag set, parallel bus scan disabled
[    0.422940] ahci 0000:00:0d.0: AHCI 0001.0100 32 slots 1 ports 3 Gbps 0x1 impl SATA mode
[    0.422942] ahci 0000:00:0d.0: flags: 64bit ncq stag only ccc 
[    0.423146] scsi host0: ahci
[    0.423426] ata1: SATA max UDMA/133 abar m8192@0xf0806000 port 0xf0806100 irq 21
[    0.423471] ehci_hcd: USB 2.0 'Enhanced' Host Controller (EHCI) Driver
[    0.423473] ehci-pci: EHCI PCI platform driver
[    0.423478] ohci_hcd: USB 1.1 'Open' Host Controller (OHCI) Driver
[    0.423480] ohci-pci: OHCI PCI platform driver
[    0.423930] ohci-pci 0000:00:06.0: OHCI PCI host controller
[    0.423935] ohci-pci 0000:00:06.0: new USB bus registered, assigned bus number 1
[    0.423984] ohci-pci 0000:00:06.0: irq 22, io mem 0xf0804000
[    0.479246] usb usb1: New USB device found, idVendor=1d6b, idProduct=0001, bcdDevice= 5.17
[    0.479250] usb usb1: New USB device strings: Mfr=3, Product=2, SerialNumber=1
[    0.479251] usb usb1: Product: OHCI PCI host controller
[    0.479253] usb usb1: Manufacturer: Linux 5.17.0-master-13410-g74164d284b29 ohci_hcd
[    0.479254] usb usb1: SerialNumber: 0000:00:06.0
[    0.479410] hub 1-0:1.0: USB hub found
[    0.479423] hub 1-0:1.0: 12 ports detected
[    0.479791] uhci_hcd: USB Universal Host Controller Interface driver
[    0.479825] usbcore: registered new interface driver usbserial_generic
[    0.479828] usbserial: USB Serial support registered for generic
[    0.480424] rtc_cmos rtc_cmos: registered as rtc0
[    0.480456] rtc_cmos rtc_cmos: setting system clock to 2022-04-03T23:22:01 UTC (1649028121)
[    0.480467] rtc_cmos rtc_cmos: alarms up to one day, 114 bytes nvram
[    0.480489] intel_pstate: CPU model not supported
[    0.480701] ledtrig-cpu: registered to indicate activity on CPUs
[    0.480764] vesafb: mode is 640x480x32, linelength=2560, pages=0
[    0.480766] vesafb: scrolling: redraw
[    0.480766] vesafb: Truecolor: size=8:8:8:8, shift=24:16:8:0
[    0.480772] vesafb: framebuffer at 0xe0000000, mapped to 0x000000007f465e38, using 1216k, total 1216k
[    0.480854] fbcon: Deferring console take-over
[    0.480855] fb0: VESA VGA frame buffer device
[    0.480913] hid: raw HID events driver (C) Jiri Kosina
[    0.481022] intel_pmc_core intel_pmc_core.0:  initialized
[    0.481063] drop_monitor: Initializing network drop monitor service
[    0.492559] Initializing XFRM netlink socket
[    0.492636] NET: Registered PF_INET6 protocol family
[    0.495617] Segment Routing with IPv6
[    0.495618] RPL Segment Routing with IPv6
[    0.495624] In-situ OAM (IOAM) with IPv6
[    0.495638] NET: Registered PF_PACKET protocol family
[    0.495931] IPI shorthand broadcast: enabled
[    0.495937] sched_clock: Marking stable (494420617, 1468565)->(496363412, -474230)
[    0.496190] registered taskstats version 1
[    0.496378] Loading compiled-in X.509 certificates
[    0.499106] Loaded X.509 cert 'Build time autogenerated kernel key: 464cfb984e52bc00c5fc33809bb69f610b4cd569'
[    0.499452] zswap: loaded using pool lz4/z3fold
[    0.499780] Key type ._fscrypt registered
[    0.499781] Key type .fscrypt registered
[    0.499782] Key type fscrypt-provisioning registered
[    0.503003] PM:   Magic number: 2:476:402
[    0.503156] RAS: Correctable Errors collector initialized.
[    0.760595] ata1: SATA link up 3.0 Gbps (SStatus 123 SControl 300)
[    0.760762] ata1.00: ATA-6: VBOX HARDDISK, 1.0, max UDMA/133
[    0.760767] ata1.00: 251658240 sectors, multi 128: LBA48 NCQ (depth 32)
[    0.761142] ata1.00: configured for UDMA/133
[    0.761351] scsi 0:0:0:0: Direct-Access     ATA      VBOX HARDDISK    1.0  PQ: 0 ANSI: 5
[    0.761710] sd 0:0:0:0: [sda] 251658240 512-byte logical blocks: (129 GB/120 GiB)
[    0.761718] sd 0:0:0:0: [sda] Write Protect is off
[    0.761720] sd 0:0:0:0: [sda] Mode Sense: 00 3a 00 00
[    0.761789] sd 0:0:0:0: [sda] Write cache: enabled, read cache: enabled, doesn't support DPO or FUA
[    0.779656] usb 1-1: new full-speed USB device number 2 using ohci-pci
[    0.789471]  sda: sda1 sda2 sda3
[    0.805549] sd 0:0:0:0: [sda] Attached SCSI disk
[    0.807547] Freeing unused decrypted memory: 2036K
[    0.807852] Freeing unused kernel image (initmem) memory: 1796K
[    0.808026] Write protecting the kernel read-only data: 28672k
[    0.808695] Freeing unused kernel image (text/rodata gap) memory: 2040K
[    0.809099] Freeing unused kernel image (rodata/data gap) memory: 1216K
[    0.850558] x86/mm: Checked W+X mappings: passed, no W+X pages found.
[    0.850562] rodata_test: all tests were successful
[    0.850563] x86/mm: Checking user space page tables
[    0.888826] x86/mm: Checked W+X mappings: passed, no W+X pages found.
[    0.888831] Run /init as init process
[    0.888832]   with arguments:
[    0.888833]     /init
[    0.888834]   with environment:
[    0.888835]     HOME=/
[    0.888835]     TERM=linux
[    0.888836]     BOOT_IMAGE=/vmlinuz-5.17.0-master-13410-g74164d284b29
[    0.902517] fbcon: Taking over console
[    0.902568] Console: switching to colour frame buffer device 80x30
[    0.962826] ata_piix 0000:00:01.1: version 2.13
[    0.968652] scsi host1: ata_piix
[    0.970749] scsi host2: ata_piix
[    0.970788] ata2: PATA max UDMA/33 cmd 0x1f0 ctl 0x3f6 bmdma 0xd000 irq 14
[    0.970790] ata3: PATA max UDMA/33 cmd 0x170 ctl 0x376 bmdma 0xd008 irq 15
[    0.971554] i8042: PNP: PS/2 Controller [PNP0303:PS2K,PNP0f03:PS2M] at 0x60,0x64 irq 1,12
[    0.972085] serio: i8042 KBD port at 0x60,0x64 irq 1
[    0.972154] serio: i8042 AUX port at 0x60,0x64 irq 12
[    0.981608] input: AT Translated Set 2 keyboard as /devices/platform/i8042/serio0/input/input2
[    1.110325] usb 1-1: New USB device found, idVendor=80ee, idProduct=0021, bcdDevice= 1.00
[    1.110329] usb 1-1: New USB device strings: Mfr=1, Product=3, SerialNumber=0
[    1.110331] usb 1-1: Product: USB Tablet
[    1.110332] usb 1-1: Manufacturer: VirtualBox
[    1.137582] ata3.00: ATAPI: VBOX CD-ROM, 1.0, max UDMA/133
[    1.142414] input: VirtualBox USB Tablet as /devices/pci0000:00/0000:00:06.0/usb1/1-1/1-1:1.0/0003:80EE:0021.0001/input/input4
[    1.142459] hid-generic 0003:80EE:0021.0001: input,hidraw0: USB HID v1.10 Mouse [VirtualBox USB Tablet] on usb-0000:00:06.0-1/input0
[    1.142486] usbcore: registered new interface driver usbhid
[    1.142487] usbhid: USB HID core driver
[    1.150285] scsi 2:0:0:0: CD-ROM            VBOX     CD-ROM           1.0  PQ: 0 ANSI: 5
[    1.173886] sr 2:0:0:0: [sr0] scsi3-mmc drive: 32x/32x xa/form2 tray
[    1.173889] cdrom: Uniform CD-ROM driver Revision: 3.20
[    1.175812] sr 2:0:0:0: Attached scsi CD-ROM sr0
[    1.524127] EXT4-fs (sda2): mounted filesystem with ordered data mode. Quota mode: none.
[    1.548537] random: fast init done
[    1.664379] systemd[1]: systemd 250.4-2-arch running in system mode (+PAM +AUDIT -SELINUX -APPARMOR -IMA +SMACK +SECCOMP +GCRYPT +GNUTLS +OPENSSL +ACL +BLKID +CURL +ELFUTILS +FIDO2 +IDN2 -IDN +IPTC +KMOD +LIBCRYPTSETUP +LIBFDISK +PCRE2 -PWQUALITY +P11KIT -QRENCODE +BZIP2 +LZ4 +XZ +ZLIB +ZSTD -BPF_FRAMEWORK +XKBCOMMON +UTMP -SYSVINIT default-hierarchy=unified)
[    1.664424] systemd[1]: Detected virtualization oracle.
[    1.664427] systemd[1]: Detected architecture x86-64.
[    1.665913] systemd[1]: Hostname set to <sbcd90>.
[    1.703706] systemd-fstab-generator[204]: Mount point  is not a valid path, ignoring.
[    1.704448] random: zram-generator: uninitialized urandom read (16 bytes read)
[    1.705196] systemd-fstab-generator[204]: Mount point  is not a valid path, ignoring.
[    1.705770] systemd-fstab-generator[204]: Mount point  is not a valid path, ignoring.
[    3.141753] random: crng init done
[    3.161262] zram: Added device: zram0
[    3.246747] systemd[1]: Queued start job for default target Graphical Interface.
[    3.247472] systemd[1]: Created slice Slice /system/getty.
[    3.247710] systemd[1]: Created slice Slice /system/modprobe.
[    3.247874] systemd[1]: Created slice Slice /system/systemd-fsck.
[    3.248040] systemd[1]: Created slice Slice /system/systemd-zram-setup.
[    3.248174] systemd[1]: Created slice User and Session Slice.
[    3.248221] systemd[1]: Started Dispatch Password Requests to Console Directory Watch.
[    3.248259] systemd[1]: Started Forward Password Requests to Wall Directory Watch.
[    3.248363] systemd[1]: Set up automount Arbitrary Executable File Formats File System Automount Point.
[    3.248441] systemd[1]: Reached target Local Encrypted Volumes.
[    3.248456] systemd[1]: Reached target Local Integrity Protected Volumes.
[    3.248468] systemd[1]: Reached target Path Units.
[    3.248478] systemd[1]: Reached target Remote File Systems.
[    3.248491] systemd[1]: Reached target Slice Units.
[    3.248508] systemd[1]: Reached target Local Verity Protected Volumes.
[    3.248556] systemd[1]: Listening on Device-mapper event daemon FIFOs.
[    3.249134] systemd[1]: Listening on LVM2 poll daemon socket.
[    3.250034] systemd[1]: Listening on Process Core Dump Socket.
[    3.250155] systemd[1]: Listening on Journal Audit Socket.
[    3.250232] systemd[1]: Listening on Journal Socket (/dev/log).
[    3.250314] systemd[1]: Listening on Journal Socket.
[    3.250475] systemd[1]: Listening on udev Control Socket.
[    3.250541] systemd[1]: Listening on udev Kernel Socket.
[    3.251204] systemd[1]: Mounting Huge Pages File System...
[    3.251826] systemd[1]: Mounting POSIX Message Queue File System...
[    3.252645] systemd[1]: Mounting Kernel Debug File System...
[    3.253165] systemd[1]: Mounting Kernel Trace File System...
[    3.253831] systemd[1]: Starting Create List of Static Device Nodes...
[    3.254373] systemd[1]: Starting Monitoring of LVM2 mirrors, snapshots etc. using dmeventd or progress polling...
[    3.254997] systemd[1]: Starting Load Kernel Module configfs...
[    3.255697] systemd[1]: Starting Load Kernel Module drm...
[    3.256276] systemd[1]: Starting Load Kernel Module fuse...
[    3.256324] systemd[1]: File System Check on Root Device was skipped because of a failed condition check (ConditionPathIsReadWrite=!/).
[    3.257475] systemd[1]: Starting Journal Service...
[    3.259395] systemd[1]: Starting Load Kernel Modules...
[    3.260106] systemd[1]: Starting Remount Root and Kernel File Systems...
[    3.260162] systemd[1]: Repartition Root Disk was skipped because all trigger condition checks failed.
[    3.260715] systemd[1]: Starting Coldplug All udev Devices...
[    3.262865] systemd[1]: Mounted Huge Pages File System.
[    3.262974] systemd[1]: Mounted POSIX Message Queue File System.
[    3.263038] systemd[1]: Mounted Kernel Debug File System.
[    3.263094] systemd[1]: Mounted Kernel Trace File System.
[    3.263298] systemd[1]: Finished Create List of Static Device Nodes.
[    3.263604] systemd[1]: modprobe@configfs.service: Deactivated successfully.
[    3.263719] systemd[1]: Finished Load Kernel Module configfs.
[    3.263898] systemd[1]: modprobe@drm.service: Deactivated successfully.
[    3.263976] systemd[1]: Finished Load Kernel Module drm.
[    3.264675] systemd[1]: Mounting Kernel Configuration File System...
[    3.267419] systemd[1]: Mounted Kernel Configuration File System.
[    3.271988] EXT4-fs (sda2): re-mounted. Quota mode: none.
[    3.275531] systemd[1]: Finished Remount Root and Kernel File Systems.
[    3.275654] systemd[1]: First Boot Wizard was skipped because of a failed condition check (ConditionFirstBoot=yes).
[    3.277157] systemd[1]: Rebuild Hardware Database was skipped because of a failed condition check (ConditionNeedsUpdate=/etc).
[    3.277891] systemd[1]: Starting Load/Save Random Seed...
[    3.277957] systemd[1]: Create System Users was skipped because of a failed condition check (ConditionNeedsUpdate=/etc).
[    3.278764] systemd[1]: Starting Create Static Device Nodes in /dev...
[    3.295518] systemd[1]: Finished Load/Save Random Seed.
[    3.295565] audit: type=1130 audit(1649028124.313:2): pid=1 uid=0 auid=4294967295 ses=4294967295 msg='unit=systemd-random-seed comm="systemd" exe="/usr/lib/systemd/systemd" hostname=? addr=? terminal=? res=success'
[    3.298728] systemd[1]: First Boot Complete was skipped because of a failed condition check (ConditionFirstBoot=yes).
[    3.304612] fuse: init (API version 7.36)
[    3.305568] systemd[1]: modprobe@fuse.service: Deactivated successfully.
[    3.305662] systemd[1]: Finished Load Kernel Module fuse.
[    3.306353] systemd[1]: Mounting FUSE Control File System...
[    3.306496] audit: type=1130 audit(1649028124.323:3): pid=1 uid=0 auid=4294967295 ses=4294967295 msg='unit=modprobe@fuse comm="systemd" exe="/usr/lib/systemd/systemd" hostname=? addr=? terminal=? res=success'
[    3.306499] audit: type=1131 audit(1649028124.323:4): pid=1 uid=0 auid=4294967295 ses=4294967295 msg='unit=modprobe@fuse comm="systemd" exe="/usr/lib/systemd/systemd" hostname=? addr=? terminal=? res=success'
[    3.308986] systemd[1]: Mounted FUSE Control File System.
[    3.316822] device-mapper: uevent: version 1.0.3
[    3.316993] device-mapper: ioctl: 4.46.0-ioctl (2022-02-22) initialised: dm-devel@redhat.com
[    3.323235] systemd[1]: Finished Coldplug All udev Devices.
[    3.323299] audit: type=1130 audit(1649028124.340:5): pid=1 uid=0 auid=4294967295 ses=4294967295 msg='unit=systemd-udev-trigger comm="systemd" exe="/usr/lib/systemd/systemd" hostname=? addr=? terminal=? res=success'
[    3.323446] systemd[1]: Finished Create Static Device Nodes in /dev.
[    3.323517] audit: type=1130 audit(1649028124.340:6): pid=1 uid=0 auid=4294967295 ses=4294967295 msg='unit=systemd-tmpfiles-setup-dev comm="systemd" exe="/usr/lib/systemd/systemd" hostname=? addr=? terminal=? res=success'
[    3.324092] audit: type=1334 audit(1649028124.340:7): prog-id=9 op=LOAD
[    3.324095] audit: type=1334 audit(1649028124.340:8): prog-id=10 op=LOAD
[    3.324097] audit: type=1334 audit(1649028124.340:9): prog-id=11 op=LOAD
[    3.324432] systemd[1]: Starting Rule-based Manager for Device Events and Files...
[    3.324563] systemd[1]: Started Journal Service.
[    3.327536] audit: type=1130 audit(1649028124.340:10): pid=1 uid=0 auid=4294967295 ses=4294967295 msg='unit=systemd-journald comm="systemd" exe="/usr/lib/systemd/systemd" hostname=? addr=? terminal=? res=success'
[    3.331632] systemd-journald[224]: Received client request to flush runtime journal.
[    3.444772] input: PC Speaker as /devices/platform/pcspkr/input/input5
[    3.457548] piix4_smbus 0000:00:07.0: SMBus Host Controller at 0x4100, revision 0
[    3.516527] ACPI: video: Video Device [GFX0] (multi-head: yes  rom: no  post: no)
[    3.516585] input: Video Bus as /devices/LNXSYSTM:00/LNXSYBUS:00/PNP0A03:00/LNXVIDEO:00/input/input6
[    3.523943] vboxguest: host-version: 6.1.32r149290 0x8000000f
[    3.524948] vbg_heartbeat_init: Setting up heartbeat to trigger every 2000 milliseconds
[    3.525022] input: VirtualBox mouse integration as /devices/pci0000:00/0000:00:04.0/input/input7
[    3.527825] vboxguest: misc device minor 124, IRQ 20, I/O port d040, MMIO at 0x00000000f0400000 (size 0x0000000000400000)
[    3.528442] e1000: Intel(R) PRO/1000 Network Driver
[    3.528444] e1000: Copyright (c) 1999-2006 Intel Corporation.
[    3.533113] mousedev: PS/2 mouse device common for all mice
[    3.619072] zram0: detected capacity change from 0 to 8140800
[    3.667230] Adding 4070396k swap on /dev/zram0.  Priority:100 extents:1 across:4070396k SSDscFS
[    3.685424] EXT4-fs (sda3): mounted filesystem with ordered data mode. Quota mode: none.
[    3.723492] RAPL PMU: API unit is 2^-32 Joules, 0 fixed counters, 10737418240 ms ovfl timer
[    3.781385] cryptd: max_cpu_qlen set to 1000
[    3.789488] input: ImExPS/2 Generic Explorer Mouse as /devices/platform/i8042/serio1/input/input8
[    3.822286] checking generic (e0000000 130000) vs hw (e0000000 1000000)
[    3.822290] fb0: switching to vmwgfx from VESA VGA
[    3.822919] Console: switching to colour dummy device 80x25
[    3.823009] vmwgfx 0000:00:02.0: vgaarb: deactivate vga console
[    3.825343] vmwgfx 0000:00:02.0: [drm] FIFO at 0x00000000f0000000 size is 2048 kiB
[    3.825354] vmwgfx 0000:00:02.0: [drm] VRAM at 0x00000000e0000000 size is 16384 kiB
[    3.825363] vmwgfx 0000:00:02.0: [drm] Running on SVGA version 2.
[    3.825366] vmwgfx 0000:00:02.0: [drm] DMA map mode: Caching DMA mappings.
[    3.825548] vmwgfx 0000:00:02.0: [drm] Legacy memory limits: VRAM = 16384 kB, FIFO = 2048 kB, surface = 507904 kB
[    3.825550] vmwgfx 0000:00:02.0: [drm] MOB limits: max mob size = 0 kB, max mob pages = 0
[    3.825552] vmwgfx 0000:00:02.0: [drm] Capabilities: cursor, cursor bypass 2, alpha cursor, 3D, extended fifo, pitchlock, irq mask, gmr, traces, gmr2, screen object 2, 
[    3.825554] vmwgfx 0000:00:02.0: [drm] Max GMR ids is 8192
[    3.825554] vmwgfx 0000:00:02.0: [drm] Max number of GMR pages is 1048576
[    3.825555] vmwgfx 0000:00:02.0: [drm] Maximum display memory size is 16384 kiB
[    3.826064] vmwgfx 0000:00:02.0: [drm] Screen Object display unit initialized
[    3.826284] vmwgfx 0000:00:02.0: [drm] Fifo max 0x00200000 min 0x00001000 cap 0x00000355
[    3.826291] vmwgfx 0000:00:02.0: [drm] Available shader model: Legacy.
[    3.826296] [drm:vmw_host_printf [vmwgfx]] *ERROR* Failed to send host log message.
[    3.827459] fbcon: svgadrmfb (fb0) is primary device
[    3.828648] Console: switching to colour frame buffer device 100x37
[    3.829379] [drm] Initialized vmwgfx 2.20.0 20211206 for 0000:00:02.0 on minor 0
[    3.849716] AVX2 version of gcm_enc/dec engaged.
[    3.850488] AES CTR mode by8 optimization enabled
[    3.991235] e1000 0000:00:03.0 eth0: (PCI:33MHz:32-bit) 08:00:27:6d:1d:03
[    3.991243] e1000 0000:00:03.0 eth0: Intel(R) PRO/1000 Network Connection
[    4.003768] e1000 0000:00:03.0 enp0s3: renamed from eth0
[    4.117297] snd_intel8x0 0000:00:05.0: allow list rate for 1028:0177 is 48000
[    6.312281] e1000: enp0s3 NIC Link is Up 1000 Mbps Full Duplex, Flow Control: RX
[    6.312562] IPv6: ADDRCONF(NETDEV_CHANGE): enp0s3: link becomes ready
[   14.198011] kauditd_printk_skb: 26 callbacks suppressed
[   14.198015] audit: type=1131 audit(1649028135.213:37): pid=1 uid=0 auid=4294967295 ses=4294967295 msg='unit=NetworkManager-dispatcher comm="systemd" exe="/usr/lib/systemd/systemd" hostname=? addr=? terminal=? res=success'
[   27.903944] audit: type=1100 audit(1649028148.920:38): pid=356 uid=0 auid=4294967295 ses=4294967295 msg='op=PAM:authentication grantors=pam_securetty,pam_shells,pam_faillock,pam_permit,pam_faillock acct="sbcd90" exe="/usr/bin/login" hostname=sbcd90 addr=? terminal=/dev/tty1 res=success'
[   27.905698] audit: type=1101 audit(1649028148.923:39): pid=356 uid=0 auid=4294967295 ses=4294967295 msg='op=PAM:accounting grantors=pam_access,pam_unix,pam_permit,pam_time acct="sbcd90" exe="/usr/bin/login" hostname=sbcd90 addr=? terminal=/dev/tty1 res=success'
[   27.908556] audit: type=1103 audit(1649028148.926:40): pid=356 uid=0 auid=4294967295 ses=4294967295 msg='op=PAM:setcred grantors=pam_securetty,pam_shells,pam_faillock,pam_permit,pam_faillock acct="sbcd90" exe="/usr/bin/login" hostname=sbcd90 addr=? terminal=/dev/tty1 res=success'
[   27.908611] audit: type=1006 audit(1649028148.926:41): pid=356 uid=0 old-auid=4294967295 auid=1000 tty=tty1 old-ses=4294967295 ses=1 res=1
[   27.908615] audit: type=1300 audit(1649028148.926:41): arch=c000003e syscall=1 success=yes exit=4 a0=5 a1=7ffca770ed90 a2=4 a3=0 items=0 ppid=1 pid=356 auid=1000 uid=0 gid=0 euid=0 suid=0 fsuid=0 egid=0 sgid=1000 fsgid=0 tty=tty1 ses=1 comm="login" exe="/usr/bin/login" key=(null)
[   27.908617] audit: type=1327 audit(1649028148.926:41): proctitle=2F62696E2F6C6F67696E002D70002D2D
[   27.928271] audit: type=1130 audit(1649028148.943:42): pid=1 uid=0 auid=4294967295 ses=4294967295 msg='unit=user-runtime-dir@1000 comm="systemd" exe="/usr/lib/systemd/systemd" hostname=? addr=? terminal=? res=success'
[   27.935125] audit: type=1101 audit(1649028148.953:43): pid=370 uid=0 auid=4294967295 ses=4294967295 msg='op=PAM:accounting grantors=pam_access,pam_unix,pam_permit,pam_time acct="sbcd90" exe="/usr/lib/systemd/systemd" hostname=? addr=? terminal=? res=success'
[   27.935177] audit: type=1103 audit(1649028148.953:44): pid=370 uid=0 auid=4294967295 ses=4294967295 msg='op=PAM:setcred grantors=? acct="sbcd90" exe="/usr/lib/systemd/systemd" hostname=? addr=? terminal=? res=failed'
[   27.935232] audit: type=1006 audit(1649028148.953:45): pid=370 uid=0 old-auid=4294967295 auid=1000 tty=(none) old-ses=4294967295 ses=2 res=1
[   34.097120] kauditd_printk_skb: 6 callbacks suppressed
[   34.097123] audit: type=1131 audit(1649028155.113:50): pid=1 uid=0 auid=4294967295 ses=4294967295 msg='unit=systemd-hostnamed comm="systemd" exe="/usr/lib/systemd/systemd" hostname=? addr=? terminal=? res=success'
[   34.192217] audit: type=1334 audit(1649028155.210:51): prog-id=0 op=UNLOAD
[   34.192223] audit: type=1334 audit(1649028155.210:52): prog-id=0 op=UNLOAD
[   34.192226] audit: type=1334 audit(1649028155.210:53): prog-id=0 op=UNLOAD
[   38.016242] audit: type=1130 audit(1649028159.452:54): pid=1 uid=0 auid=4294967295 ses=4294967295 msg='unit=polkit comm="systemd" exe="/usr/lib/systemd/systemd" hostname=? addr=? terminal=? res=success'
[   39.050984] audit: type=1334 audit(1649028160.485:55): prog-id=19 op=LOAD
[   39.050989] audit: type=1334 audit(1649028160.485:56): prog-id=20 op=LOAD
[   39.094060] Service: Shared Clipboard
[   39.106671] Service: Host Version Check
[   39.112792] Service: Seamless
[   39.114198] Worker loop running
[   39.119062] Service: Drag and Drop (DnD)
[   39.148594] audit: type=1130 audit(1649028160.582:57): pid=1 uid=0 auid=4294967295 ses=4294967295 msg='unit=upower comm="systemd" exe="/usr/lib/systemd/systemd" hostname=? addr=? terminal=? res=success'
[   39.156990] Proxy window=50331649, root window=1332 ...
[   39.157374] Started
[   39.157530] 6.1.32r149290
[   99.559478] audit: type=1100 audit(1649028220.992:58): pid=677 uid=1000 auid=1000 ses=1 msg='op=PAM:authentication grantors=pam_faillock,pam_permit,pam_faillock acct="sbcd90" exe="/usr/bin/sudo" hostname=? addr=? terminal=/dev/pts/0 res=success'
[   99.559745] audit: type=1101 audit(1649028220.992:59): pid=677 uid=1000 auid=1000 ses=1 msg='op=PAM:accounting grantors=pam_unix,pam_permit,pam_time acct="sbcd90" exe="/usr/bin/sudo" hostname=? addr=? terminal=/dev/pts/0 res=success'
[   99.560725] audit: type=1110 audit(1649028220.992:60): pid=677 uid=1000 auid=1000 ses=1 msg='op=PAM:setcred grantors=pam_faillock,pam_permit,pam_faillock acct="root" exe="/usr/bin/sudo" hostname=? addr=? terminal=/dev/pts/0 res=success'
[   99.563009] audit: type=1105 audit(1649028220.996:61): pid=677 uid=1000 auid=1000 ses=1 msg='op=PAM:session_open grantors=pam_systemd_home,pam_limits,pam_unix,pam_permit acct="root" exe="/usr/bin/sudo" hostname=? addr=? terminal=/dev/pts/0 res=success'
[   99.566042] test_phased_state_change: loading out-of-tree module taints kernel.
[   99.566077] test_phased_state_change: module verification failed: signature and/or required key missing - tainting kernel
[   99.566511] phased state change - init module
[   99.566653] start cco1
[   99.566686] hit cco
[   99.566687] hit cco_quickly
[  101.133465] sched: RT throttling activated
[  122.651194] audit: type=1100 audit(1649028244.082:62): pid=684 uid=1000 auid=1000 ses=1 msg='op=PAM:authentication grantors=pam_faillock,pam_permit,pam_faillock acct="sbcd90" exe="/usr/bin/sudo" hostname=? addr=? terminal=/dev/pts/1 res=success'
[  122.651493] audit: type=1101 audit(1649028244.082:63): pid=684 uid=1000 auid=1000 ses=1 msg='op=PAM:accounting grantors=pam_unix,pam_permit,pam_time acct="sbcd90" exe="/usr/bin/sudo" hostname=? addr=? terminal=/dev/pts/1 res=success'
[  122.652578] audit: type=1110 audit(1649028244.085:64): pid=684 uid=1000 auid=1000 ses=1 msg='op=PAM:setcred grantors=pam_faillock,pam_permit,pam_faillock acct="root" exe="/usr/bin/sudo" hostname=? addr=? terminal=/dev/pts/1 res=success'
[  122.654700] audit: type=1105 audit(1649028244.085:65): pid=684 uid=1000 auid=1000 ses=1 msg='op=PAM:session_open grantors=pam_systemd_home,pam_limits,pam_unix,pam_permit acct="root" exe="/usr/bin/sudo" hostname=? addr=? terminal=/dev/pts/1 res=success'
[  122.662011] audit: type=1106 audit(1649028244.095:66): pid=684 uid=1000 auid=1000 ses=1 msg='op=PAM:session_close grantors=pam_systemd_home,pam_limits,pam_unix,pam_permit acct="root" exe="/usr/bin/sudo" hostname=? addr=? terminal=/dev/pts/1 res=success'
[  122.662126] audit: type=1104 audit(1649028244.095:67): pid=684 uid=1000 auid=1000 ses=1 msg='op=PAM:setcred grantors=pam_faillock,pam_permit,pam_faillock acct="root" exe="/usr/bin/sudo" hostname=? addr=? terminal=/dev/pts/1 res=success'
[  131.102127] start maint
[  131.102161] hit maint
[  159.569091] end cco_quickly
[  159.601005] hit do_maint
[  179.620992] audit: type=1101 audit(1649028301.049:68): pid=931 uid=1000 auid=1000 ses=1 msg='op=PAM:accounting grantors=pam_unix,pam_permit,pam_time acct="sbcd90" exe="/usr/bin/sudo" hostname=? addr=? terminal=/dev/pts/1 res=success'
[  179.621915] audit: type=1110 audit(1649028301.052:69): pid=931 uid=1000 auid=1000 ses=1 msg='op=PAM:setcred grantors=pam_faillock,pam_permit,pam_env,pam_faillock acct="root" exe="/usr/bin/sudo" hostname=? addr=? terminal=/dev/pts/1 res=success'
[  179.624173] audit: type=1105 audit(1649028301.052:70): pid=931 uid=1000 auid=1000 ses=1 msg='op=PAM:session_open grantors=pam_systemd_home,pam_limits,pam_unix,pam_permit acct="root" exe="/usr/bin/sudo" hostname=? addr=? terminal=/dev/pts/1 res=success'
[  179.630482] audit: type=1106 audit(1649028301.059:71): pid=931 uid=1000 auid=1000 ses=1 msg='op=PAM:session_close grantors=pam_systemd_home,pam_limits,pam_unix,pam_permit acct="root" exe="/usr/bin/sudo" hostname=? addr=? terminal=/dev/pts/1 res=success'
[  179.630640] audit: type=1104 audit(1649028301.059:72): pid=931 uid=1000 auid=1000 ses=1 msg='op=PAM:setcred grantors=pam_faillock,pam_permit,pam_env,pam_faillock acct="root" exe="/usr/bin/sudo" hostname=? addr=? terminal=/dev/pts/1 res=success'
[  192.555196] start cco2
[  192.555721] hit cco
[  192.555724] hit cco_carefully
[  192.558365] audit: type=1106 audit(1649028313.985:73): pid=677 uid=1000 auid=1000 ses=1 msg='op=PAM:session_close grantors=pam_systemd_home,pam_limits,pam_unix,pam_permit acct="root" exe="/usr/bin/sudo" hostname=? addr=? terminal=/dev/pts/0 res=success'
[  192.558371] audit: type=1104 audit(1649028313.985:74): pid=677 uid=1000 auid=1000 ses=1 msg='op=PAM:setcred grantors=pam_faillock,pam_permit,pam_faillock acct="root" exe="/usr/bin/sudo" hostname=? addr=? terminal=/dev/pts/0 res=success'
[  206.643094] audit: type=1101 audit(1649028328.075:75): pid=942 uid=1000 auid=1000 ses=1 msg='op=PAM:accounting grantors=pam_unix,pam_permit,pam_time acct="sbcd90" exe="/usr/bin/sudo" hostname=? addr=? terminal=/dev/pts/1 res=success'
[  206.643661] audit: type=1110 audit(1649028328.075:76): pid=942 uid=1000 auid=1000 ses=1 msg='op=PAM:setcred grantors=pam_faillock,pam_permit,pam_env,pam_faillock acct="root" exe="/usr/bin/sudo" hostname=? addr=? terminal=/dev/pts/1 res=success'
[  206.645389] audit: type=1105 audit(1649028328.078:77): pid=942 uid=1000 auid=1000 ses=1 msg='op=PAM:session_open grantors=pam_systemd_home,pam_limits,pam_unix,pam_permit acct="root" exe="/usr/bin/sudo" hostname=? addr=? terminal=/dev/pts/1 res=success'
[  206.651702] audit: type=1106 audit(1649028328.082:78): pid=942 uid=1000 auid=1000 ses=1 msg='op=PAM:session_close grantors=pam_systemd_home,pam_limits,pam_unix,pam_permit acct="root" exe="/usr/bin/sudo" hostname=? addr=? terminal=/dev/pts/1 res=success'
[  206.651746] audit: type=1104 audit(1649028328.082:79): pid=942 uid=1000 auid=1000 ses=1 msg='op=PAM:setcred grantors=pam_faillock,pam_permit,pam_env,pam_faillock acct="root" exe="/usr/bin/sudo" hostname=? addr=? terminal=/dev/pts/1 res=success'
[  219.852212] end do_maint
[  252.556730] end cco_carefully
[  252.589445] end maint
[  279.684424] audit: type=1101 audit(1649028401.114:80): pid=961 uid=1000 auid=1000 ses=1 msg='op=PAM:accounting grantors=pam_unix,pam_permit,pam_time acct="sbcd90" exe="/usr/bin/sudo" hostname=? addr=? terminal=/dev/pts/1 res=success'
[  279.685314] audit: type=1110 audit(1649028401.114:81): pid=961 uid=1000 auid=1000 ses=1 msg='op=PAM:setcred grantors=pam_faillock,pam_permit,pam_env,pam_faillock acct="root" exe="/usr/bin/sudo" hostname=? addr=? terminal=/dev/pts/1 res=success'
[  279.687820] audit: type=1105 audit(1649028401.117:82): pid=961 uid=1000 auid=1000 ses=1 msg='op=PAM:session_open grantors=pam_systemd_home,pam_limits,pam_unix,pam_permit acct="root" exe="/usr/bin/sudo" hostname=? addr=? terminal=/dev/pts/1 res=success'
